// Jest Snapshot v1, https://goo.gl/fbAQLP

exports[`Layout renders children correctly 1`] = `
<div>
  <div
    className="root"
  >
    <div
      className="container"
    >
      <div
        className="root"
        role="navigation"
      >
        <a
          className="link"
          href="/about-us"
          onClick={[Function]}
        >
          About Us
        </a>
        <a
          className="link"
          href="/contact"
          onClick={[Function]}
        >
          Contact Us
        </a>
        <a
          className="link"
          href="https://medium.com/nyaaya"
          rel="noopener noreferrer"
          target="_blank"
        >
          Blog
        </a>
      </div>
      <a
        className="brand"
        href="/"
        onClick={[Function]}
      >
        <img
          alt="Nyaaya"
          height="75"
          src="logo.png"
          srcSet="logo@2x.png 2x"
          width="95"
        />
      </a>
    </div>
    <div
      className="root"
    >
      <div
        className="container"
      >
        <ul
          className="categories"
        />
      </div>
    </div>
  </div>
  <div
    className="child"
  />
  <div
    className="root"
  >
    <div
      className="container"
    >
      <span
        className="text"
      >
        Nyaaya - India's Laws Explained
      </span>
    </div>
  </div>
</div>
`;
